  Γû▓ Next.js 14.2.5
  - Environments: .env.local

   Creating an optimized production build ...
 Γ£ô Compiled successfully
   Linting and checking validity of types ...
node.exe : Failed to 
compile.
At line:1 char:1
+ & "C:\Program 
Files\nodejs/node.exe" 
"C:\Program 
Files\nodejs/node_mo ...
+ ~~~~~~~~~~~~~~~~~~~~~~~~
~~~~~~~~~~~~~~~~~~~~~~~~~~
~~~~~~~~~~~~~~~~~~~
    + CategoryInfo        
      : NotSpecified: (F  
  ailed to compile.:Str   
 ing) [], RemoteExcept    
ion
    + FullyQualifiedError 
   Id : NativeCommandErr  
  or
 

./app/[locale]/(admin)/adm
in/layout.tsx:17:14
Type error: Argument of 
type 'string' is not 
assignable to parameter 
of type '{ href: string | 
{ pathname: string; 
query?: QueryParams | 
undefined; }; locale: 
string; forcePrefix?: 
boolean | undefined; }'.

[0m [90m 15 |[39m[0m
[0m [90m 16 |[39m   
[36mif[39m 
([33m![39muser) {[0m
[0m[31m[1m>[22m[39m[
90m 17 |[39m     redirect
([32m'/auth/login'[39m)
[0m
[0m [90m    |[39m      
        
[31m[1m^[22m[39m[0m
[0m [90m 18 |[39m   
}[0m
[0m [90m 19 |[39m[0m
[0m [90m 20 |[39m   
[90m// Strict Admin 
Email Check for Phase 6 
MVP[39m[0m
